---
source: src/treetop_app.rs
expression: render_ui(&mut app)
---
┌ Help ────────────────────────────────────────────────────────────────────────┐
│hello world                                                                   │
│                                                                              │
│                                                                              │
│                                                                              │
│                                                                              │
│                                                                              │
│                                                                              │
│                                                                              │
└──────────────────────────────────────────────────────────────────────────────┘
